// Jest Snapshot v1, https://goo.gl/fbAQLP

exports[`gameoflife render should render living cells on the context 1`] = `
[MockFunction] {
  "calls": Array [
    Array [
      52,
      52,
      2,
      2,
    ],
    Array [
      52,
      54,
      2,
      2,
    ],
    Array [
      54,
      52,
      2,
      2,
    ],
  ],
  "results": Array [
    Object {
      "type": "return",
      "value": undefined,
    },
    Object {
      "type": "return",
      "value": undefined,
    },
    Object {
      "type": "return",
      "value": undefined,
    },
  ],
}
`;
