// Jest Snapshot v1, https://goo.gl/fbAQLP

exports[`gameoflife render should render living cells on the context 1`] = `
[MockFunction] {
  "calls": Array [
    Array [
      0,
      0,
      100,
      100,
    ],
    Array [
      1,
      1,
      5,
      5,
    ],
    Array [
      1,
      2,
      5,
      5,
    ],
    Array [
      2,
      1,
      5,
      5,
    ],
  ],
  "results": Array [
    Object {
      "type": "return",
      "value": undefined,
    },
    Object {
      "type": "return",
      "value": undefined,
    },
    Object {
      "type": "return",
      "value": undefined,
    },
    Object {
      "type": "return",
      "value": undefined,
    },
  ],
}
`;
